{
  "timestamp": "2026-05-12 19:53:15.779111",
  "device_info": {
    "serial_number": "AC0ANVQwUBkgOTNO",
    "model": "0",
    "git_hash": "863c597794066fa77c94828c0d2eb49614d5ebb0",
    "git_dirty": false,
    "git_timestamp": 1718648350,
    "uuid": "b709d1f5-b7bf-469c-8993-455b857e66b6"
  },
  "calibration": {
    "invert": false,
    "phase_invert": true,
    "poles": 14,
    "offset": [
      1.9341245839583538,
      1.831358229606998,
      1.8683123881480104,
      1.8722813299057932,
      1.9255059007479673,
      1.9717005562848169,
      1.946038842971651,
      1.7645065412711372,
      1.88182599456531,
      1.969838891657938,
      1.8629338433536262,
      1.9147948933716832,
      1.937574735065541,
      1.958449653170958,
      1.9874736471689098,
      1.990293093466177,
      1.822487099331643,
      1.917818389558787,
      2.0206284471214704,
      1.8355593113744721,
      1.8928127576869749,
      1.9134862461916138,
      1.9468827293963622,
      1.9823551849646015,
      1.9400177125013138,
      1.809530773035651,
      1.851561288343252,
      2.0153180979842307,
      1.8382098815321846,
      1.851410352931121,
      1.836504440067576,
      1.9209961649976846,
      1.985942342513952,
      1.9376596147133305,
      1.8278695974138908,
      1.7730537520343823,
      1.978029102569746,
      1.8619061986798973,
      1.85701498307103,
      1.8657381768123482,
      1.8954974974551253,
      1.9618621594225896,
      1.9689252171649925,
      1.8981578864490831,
      1.8182361316452738,
      1.9939763156329662,
      1.893695571000232,
      1.9044356114976628,
      1.9083222599874181,
      1.9362465652604508,
      1.9859513188061146,
      1.9394079130728101,
      1.9043847507015632,
      1.8044369911341263,
      1.9618720817898212,
      1.9145076784109243,
      1.8641552981377056,
      1.8779506708360634,
      1.9159620765417706,
      1.9801824862160002,
      1.962991170535251,
      1.9172034648524734,
      1.7415639145097026,
      1.9087384825442697
    ],
    "fit_metric": 26.70993033520947,
    "current_quality_factor": 115.468010655629
  },
  "winding_resistance": 0.051625471812722416,
  "inductance": 3.9039218109981766e-05,
  "inductance_d": null,
  "inductance_q": null,
  "inductance_d_scale": 0.0,
  "pid_dq_kp": 0.04905812832648333,
  "pid_q_kp": 0.04905812832648333,
  "pid_dq_ki": 64.87448119398228,
  "torque_bw_hz": 200.0,
  "encoder_filter_bw_hz": 200.0,
  "encoder_filter_kp": 1013.4169850289654,
  "encoder_filter_ki": 256753.49638629958,
  "kv": 297.03781710192544,
  "unwrapped_position_scale": 1.0,
  "motor_position_output_sign": 1.0,
  "abi_version": 264,
  "voltage_mode_control": false,
  "py_version": "0.3.101"
}
