{
  "timestamp": "2026-05-12 18:27:01.980205",
  "device_info": {
    "serial_number": "AC0ANVQwUBkgOTNO",
    "model": "0",
    "git_hash": "863c597794066fa77c94828c0d2eb49614d5ebb0",
    "git_dirty": false,
    "git_timestamp": 1718648350,
    "uuid": "b709d1f5-b7bf-469c-8993-455b857e66b6"
  },
  "calibration": {
    "invert": false,
    "phase_invert": false,
    "poles": 14,
    "offset": [
      -1.8472804807802894,
      -2.4649730533439973,
      -2.939180939862334,
      -3.353076483068092,
      -3.7251949696946474,
      -4.184888502714108,
      -4.5326136372760075,
      -4.961698261109287,
      -5.446973031733166,
      -5.869982958607211,
      -6.001646331268816,
      -5.97183088590635,
      -5.782186916141992,
      -4.975114524853001,
      -3.755918423563739,
      -2.046744615659751,
      -0.00294218879073566,
      1.2634382045652943,
      2.1452935859847195,
      2.671277460748694,
      2.9755671670239847,
      2.7698859823179163,
      2.6868743427259885,
      2.4663243226997573,
      2.1585032785722134,
      1.56514233627731,
      1.127493781627917,
      0.5399867033318648,
      0.142688362935532,
      -0.2895150835785745,
      -0.9075468456827273,
      -1.499959472333397,
      -2.0198966511570564,
      -2.5797726475106875,
      -3.1451443147423506,
      -3.4699341462214686,
      -4.012372012068849,
      -4.52343768690609,
      -4.90865691064869,
      -5.3687767736980305,
      -5.704150659224794,
      -6.108774441795984,
      -6.444599034657784,
      -6.563740456165797,
      -6.691258587631591,
      -6.292713929518089,
      -5.802369259946774,
      -4.549333967692631,
      -2.6596754755184993,
      0.18357232664285808,
      1.8031864598832654,
      2.737662624393987,
      3.1228069131017944,
      3.136567783517778,
      2.862126026502856,
      2.684803757457693,
      2.2330452342406155,
      1.8257670494500555,
      1.2514092354060697,
      1.0228761111931497,
      0.4609554611044367,
      -0.1436229797589779,
      -0.664711052995854,
      -1.2812360336268067
    ],
    "fit_metric": 27.184862420273035,
    "current_quality_factor": 87.88000307810837
  },
  "winding_resistance": 0.05013535999703671,
  "inductance": 2.4689788588687284e-05,
  "inductance_d": null,
  "inductance_q": null,
  "inductance_d_scale": 0.0,
  "pid_dq_kp": 0.031026103379562034,
  "pid_q_kp": 0.031026103379562034,
  "pid_dq_ki": 63.00195146070805,
  "torque_bw_hz": 200.0,
  "encoder_filter_bw_hz": 200.0,
  "encoder_filter_kp": 1013.4169850289654,
  "encoder_filter_ki": 256753.49638629958,
  "kv": 8.86,
  "unwrapped_position_scale": 1.0,
  "motor_position_output_sign": 1.0,
  "abi_version": 264,
  "voltage_mode_control": false,
  "py_version": "0.3.101"
}
