{
  "timestamp": "2026-05-11 21:31:47.904695",
  "device_info": {
    "serial_number": "AC0ANVQwUBkgOTNO",
    "model": "0",
    "git_hash": "863c597794066fa77c94828c0d2eb49614d5ebb0",
    "git_dirty": false,
    "git_timestamp": 1718648350,
    "uuid": "b709d1f5-b7bf-469c-8993-455b857e66b6"
  },
  "calibration": {
    "invert": false,
    "phase_invert": false,
    "poles": 14,
    "offset": [
      -1.8870080086474295,
      -2.4440578795863632,
      -2.8826642276364445,
      -3.353282135083609,
      -3.7317586085115404,
      -4.164766037525832,
      -4.493723728376139,
      -4.979493399687313,
      -5.423561070095244,
      -5.825064763042179,
      -6.020544285870491,
      -5.974560895522684,
      -5.740675615319189,
      -4.970795551743873,
      -3.7020135850166405,
      -2.057867192758176,
      0.0072433653543606796,
      1.259029247835135,
      2.1458229628767294,
      2.66352991715878,
      2.9955246517343252,
      2.785395313419236,
      2.693724497665147,
      2.4853642867311962,
      2.0923202600291657,
      1.587683705910624,
      1.1188358445481212,
      0.5148715091983094,
      0.1811421504751311,
      -0.2980928575163277,
      -0.9001575789326945,
      -1.4844647760827219,
      -2.0106641214135146,
      -2.581655413303002,
      -3.1462251349598294,
      -3.4194389739701703,
      -4.050940354345418,
      -4.498420633136409,
      -4.9553246931544175,
      -5.332046017324347,
      -5.7113925710521745,
      -6.1363928253507,
      -6.387464150351941,
      -6.562848841743652,
      -6.690528545361837,
      -6.271551630268576,
      -5.819542048046095,
      -4.512699285801423,
      -2.695309426658636,
      0.17049291258750607,
      1.8312237894598804,
      2.7257148293448603,
      3.1539778815482515,
      3.139338803236741,
      2.8430215872123146,
      2.6795540114050738,
      2.2421179288727124,
      1.8024094608776964,
      1.3030834095430783,
      0.959020427259836,
      0.4392557127084474,
      -0.14588982082724158,
      -0.7029192587707381,
      -1.267584290071667
    ],
    "fit_metric": 24.31421297281081,
    "current_quality_factor": 131.15944258418125
  },
  "winding_resistance": 0.050760150558130705,
  "inductance": 2.920319400182816e-05,
  "inductance_d": null,
  "inductance_q": null,
  "inductance_d_scale": 0.0,
  "pid_dq_kp": 0.036697815895000346,
  "pid_q_kp": 0.036697815895000346,
  "pid_dq_ki": 63.78708643541411,
  "torque_bw_hz": 200.0,
  "encoder_filter_bw_hz": 200.0,
  "encoder_filter_kp": 1013.4169850289654,
  "encoder_filter_ki": 256753.49638629958,
  "kv": 8.86,
  "unwrapped_position_scale": 1.0,
  "motor_position_output_sign": 1.0,
  "abi_version": 264,
  "voltage_mode_control": false,
  "py_version": "0.3.101"
}
